SELECT * FROM sqlserver_test_table;
 id | name 
----+------
  1 | aaaa
(1 row)

SELECT * FROM ODBCTablesList('sqlserver_fdw', 1);
 schema |         name         
--------+----------------------
 dbo    | sqlserver_test_table
(1 row)

SELECT * FROM ODBCTableSize('sqlserver_fdw', 'sqlserver_test_table');
 odbctablesize 
---------------
             1
(1 row)

SELECT * FROM ODBCQuerySize('sqlserver_fdw', 'select * from sqlserver_test_table');
 odbcquerysize 
---------------
             1
(1 row)

SELECT * FROM sqlserver_test_table_with_unsupported_initial_column;
 id | name
----+------
  1 | aaaa
(1 row)
